// Jest Snapshot v1, https://goo.gl/fbAQLP

exports[`messages snapshot basic messages 1`] = `
[
  [
    "
[34m======================================================[39m
👋 [1m[32mWelcome to Near![39m[22m Learn more: https://docs.near.org/
🔧 Let's get your project ready.
[34m======================================================[39m
([3mNear collects anonymous information on the commands used. No personal information that could identify you is shared[23m)
",
  ],
  [
    "[1m[31m==========================================[39m[22m
[31m⛔️ There was a problem during the project setup[39m.
Please refer to https://github.com/near/create-near-app README to troubleshoot.
Notice: some platforms aren't supported (yet).
[1m[31m==========================================[39m[22m",
  ],
  [
    "[31mArguments error: [39m[31m[37mwrong args[39m[39m

Run [34mnpx create-near-app[39m without arguments, or use:
npx create-near-app <projectName> [--frontend next-app|next-page] [--contract]",
  ],
  [
    "[31mPlease use Windows Subsystem for Linux (WSL) to develop smart contracts[39m
[33mLearn more here: https://docs.near.org/blog/getting-started-on-windows[39m
",
  ],
  [
    "
Creating a new [1mNEAR dApp[22m",
  ],
  [
    "
[32mInstalling dependencies in a few folders, this might take a while.[39m
",
  ],
  [
    "[31mError installing NEAR project dependencies[39m",
  ],
]
`;

exports[`messages snapshot messages with params 1`] = `
[
  [
    "[31mWe support node.js version 55.789 or later[39m",
  ],
  [
    "[31mThis directory already exists! /a/b/c/d[39m",
  ],
]
`;
