// Jest Snapshot v1, https://goo.gl/fbAQLP

exports[`renders without crashing 1`] = `
<div
  className="App-header"
>
  <div
    className="image-wrapper"
  >
    <img
      alt="NEAR logo"
      className="logo"
      src=""
    />
    <p>
      <span
        aria-label="fish"
        role="img"
      >
        🐟
      </span>
       NEAR protocol is a new blockchain focused on developer productivity and useability!
      <span
        aria-label="fish"
        role="img"
      >
        🐟
      </span>
    </p>
    <p>
      <span
        aria-label="chain"
        role="img"
      >
        ⛓
      </span>
       This little react app is connected to blockchain right now. 
      <span
        aria-label="chain"
        role="img"
      >
        ⛓
      </span>
    </p>
    <p
      style={
        Object {
          "color": "#0072CE",
          "fontSize": "1.5rem",
          "textShadow": "1px 1px #D1CCBD",
        }
      }
    />
  </div>
  <div>
    <div>
      <button
        onClick={[Function]}
      >
        Log out
      </button>
      <button
        onClick={[Function]}
      >
        Change greeting
      </button>
    </div>
  </div>
  <div>
    <div
      className="logo-wrapper"
    >
      <img
        alt="logo"
        className="App-logo margin-logo"
        src=""
      />
      <img
        alt="logo"
        className="App-logo"
        src=""
      />
    </div>
    <p>
      Edit 
      <code>
        src/App.js
      </code>
       and save to reload.
    </p>
    <a
      className="App-link"
      href="https://reactjs.org"
      rel="noopener noreferrer"
      target="_blank"
    >
      Learn React
    </a>
    <p>
      <span
        aria-label="net"
        role="img"
      >
        🕸
      </span>
       
      <a
        className="App-link"
        href="https://nearprotocol.com"
      >
        NEAR Website
      </a>
       
      <span
        aria-label="net"
        role="img"
      >
        🕸
      </span>
    </p>
    <p>
      <span
        aria-label="book"
        role="img"
      >
        📚
      </span>
      <a
        className="App-link"
        href="https://docs.nearprotocol.com"
      >
         Learn from NEAR Documentation
      </a>
       
      <span
        aria-label="book"
        role="img"
      >
        📚
      </span>
    </p>
  </div>
</div>
`;
